Archive member included to satisfy reference by file (symbol)

/usr/local/Cellar/avr-gcc/8.3.0/lib/avr-gcc/8/gcc/avr/8.3.0/avr51/libgcc.a(_divmodhi4.o)
                              build/./src/hbridge.o (__divmodhi4)
/usr/local/Cellar/avr-gcc/8.3.0/lib/avr-gcc/8/gcc/avr/8.3.0/avr51/libgcc.a(_udivmodsi4.o)
                              build/./src/Uart.o (__udivmodsi4)
/usr/local/Cellar/avr-gcc/8.3.0/lib/avr-gcc/8/gcc/avr/8.3.0/avr51/libgcc.a(_divmodsi4.o)
                              build/./src/stepper.o (__divmodsi4)
/usr/local/Cellar/avr-gcc/8.3.0/lib/avr-gcc/8/gcc/avr/8.3.0/avr51/libgcc.a(_negsi2.o)
                              /usr/local/Cellar/avr-gcc/8.3.0/lib/avr-gcc/8/gcc/avr/8.3.0/avr51/libgcc.a(_divmodsi4.o) (__negsi2)
/usr/local/Cellar/avr-gcc/8.3.0/lib/avr-gcc/8/gcc/avr/8.3.0/avr51/libgcc.a(_exit.o)
                              /usr/local/Cellar/avr-gcc/8.3.0/lib/avr-gcc/8/gcc/avr/8.3.0/../../../../../../avr/lib/avr51/crtat90can128.o (exit)
/usr/local/Cellar/avr-gcc/8.3.0/lib/avr-gcc/8/gcc/avr/8.3.0/avr51/libgcc.a(_copy_data.o)
                              build/./src/system.o (__do_copy_data)
/usr/local/Cellar/avr-gcc/8.3.0/lib/avr-gcc/8/gcc/avr/8.3.0/avr51/libgcc.a(_clear_bss.o)
                              build/./src/system.o (__do_clear_bss)
/usr/local/Cellar/avr-gcc/8.3.0/lib/avr-gcc/8/gcc/avr/8.3.0/avr51/libgcc.a(_usmulhisi3.o)
                              build/./src/hbridge.o (__usmulhisi3)
/usr/local/Cellar/avr-gcc/8.3.0/lib/avr-gcc/8/gcc/avr/8.3.0/avr51/libgcc.a(_udivmodhi4.o)
                              /usr/local/Cellar/avr-gcc/8.3.0/lib/avr-gcc/8/gcc/avr/8.3.0/avr51/libgcc.a(_divmodhi4.o) (__udivmodhi4)
/usr/local/Cellar/avr-gcc/8.3.0/lib/avr-gcc/8/gcc/avr/8.3.0/avr51/libgcc.a(_umulhisi3.o)
                              /usr/local/Cellar/avr-gcc/8.3.0/lib/avr-gcc/8/gcc/avr/8.3.0/avr51/libgcc.a(_usmulhisi3.o) (__umulhisi3)
/usr/local/Cellar/avr-gcc/8.3.0/lib/avr-gcc/8/gcc/avr/8.3.0/../../../../../../avr/lib/avr51/libc.a(malloc.o)
                              build/./src/gpio.o (malloc)

Allocating common symbols
Common symbol       size              file

current_A_1         0x2               build/./src/hbridge.o
current_B_2         0x2               build/./src/hbridge.o
second_byte         0x1               build/./src/main.o
__brkval            0x2               /usr/local/Cellar/avr-gcc/8.3.0/lib/avr-gcc/8/gcc/avr/8.3.0/../../../../../../avr/lib/avr51/libc.a(malloc.o)
message             0xa               build/./src/main.o
current_A_2         0x2               build/./src/hbridge.o
snd_message         0xa               build/./src/main.o
first_byte          0x1               build/./src/main.o
current_B_1         0x2               build/./src/hbridge.o
__flp               0x2               /usr/local/Cellar/avr-gcc/8.3.0/lib/avr-gcc/8/gcc/avr/8.3.0/../../../../../../avr/lib/avr51/libc.a(malloc.o)

Memory Configuration

Name             Origin             Length             Attributes
text             0x0000000000000000 0x0000000000020000 xr
data             0x0000000000800100 0x000000000000ff00 rw !x
eeprom           0x0000000000810000 0x0000000000010000 rw !x
fuse             0x0000000000820000 0x0000000000000400 rw !x
lock             0x0000000000830000 0x0000000000000400 rw !x
signature        0x0000000000840000 0x0000000000000400 rw !x
user_signatures  0x0000000000850000 0x0000000000000400 rw !x
*default*        0x0000000000000000 0xffffffffffffffff

Linker script and memory map

Address of section .data set to 0x800100
LOAD /usr/local/Cellar/avr-gcc/8.3.0/lib/avr-gcc/8/gcc/avr/8.3.0/../../../../../../avr/lib/avr51/crtat90can128.o
LOAD build/./src/system.o
LOAD build/./src/main.o
LOAD build/./src/stepper.o
LOAD build/./src/Uart.o
LOAD build/./src/can.o
LOAD build/./src/gpio.o
LOAD build/./src/hbridge.o
LOAD /usr/local/Cellar/avr-gcc/8.3.0/lib/avr-gcc/8/gcc/avr/8.3.0/../../../../../../avr/lib/avr51/libm.a
START GROUP
LOAD /usr/local/Cellar/avr-gcc/8.3.0/lib/avr-gcc/8/gcc/avr/8.3.0/avr51/libgcc.a
LOAD /usr/local/Cellar/avr-gcc/8.3.0/lib/avr-gcc/8/gcc/avr/8.3.0/../../../../../../avr/lib/avr51/libm.a
LOAD /usr/local/Cellar/avr-gcc/8.3.0/lib/avr-gcc/8/gcc/avr/8.3.0/../../../../../../avr/lib/avr51/libc.a
LOAD /usr/local/Cellar/avr-gcc/8.3.0/lib/avr-gcc/8/gcc/avr/8.3.0/../../../../../../avr/lib/avr51/libat90can128.a
END GROUP
                0x0000000000020000                __TEXT_REGION_LENGTH__ = DEFINED (__TEXT_REGION_LENGTH__)?__TEXT_REGION_LENGTH__:0x20000
                0x000000000000ff00                __DATA_REGION_LENGTH__ = DEFINED (__DATA_REGION_LENGTH__)?__DATA_REGION_LENGTH__:0xff00
                0x0000000000010000                __EEPROM_REGION_LENGTH__ = DEFINED (__EEPROM_REGION_LENGTH__)?__EEPROM_REGION_LENGTH__:0x10000
                0x0000000000000400                __FUSE_REGION_LENGTH__ = DEFINED (__FUSE_REGION_LENGTH__)?__FUSE_REGION_LENGTH__:0x400
                0x0000000000000400                __LOCK_REGION_LENGTH__ = DEFINED (__LOCK_REGION_LENGTH__)?__LOCK_REGION_LENGTH__:0x400
                0x0000000000000400                __SIGNATURE_REGION_LENGTH__ = DEFINED (__SIGNATURE_REGION_LENGTH__)?__SIGNATURE_REGION_LENGTH__:0x400
                0x0000000000000400                __USER_SIGNATURE_REGION_LENGTH__ = DEFINED (__USER_SIGNATURE_REGION_LENGTH__)?__USER_SIGNATURE_REGION_LENGTH__:0x400

.hash
 *(.hash)

.dynsym
 *(.dynsym)

.dynstr
 *(.dynstr)

.gnu.version
 *(.gnu.version)

.gnu.version_d
 *(.gnu.version_d)

.gnu.version_r
 *(.gnu.version_r)

.rel.init
 *(.rel.init)

.rela.init
 *(.rela.init)

.rel.text
 *(.rel.text)
 *(.rel.text.*)
 *(.rel.gnu.linkonce.t*)

.rela.text
 *(.rela.text)
 *(.rela.text.*)
 *(.rela.gnu.linkonce.t*)

.rel.fini
 *(.rel.fini)

.rela.fini
 *(.rela.fini)

.rel.rodata
 *(.rel.rodata)
 *(.rel.rodata.*)
 *(.rel.gnu.linkonce.r*)

.rela.rodata
 *(.rela.rodata)
 *(.rela.rodata.*)
 *(.rela.gnu.linkonce.r*)

.rel.data
 *(.rel.data)
 *(.rel.data.*)
 *(.rel.gnu.linkonce.d*)

.rela.data
 *(.rela.data)
 *(.rela.data.*)
 *(.rela.gnu.linkonce.d*)

.rel.ctors
 *(.rel.ctors)

.rela.ctors
 *(.rela.ctors)

.rel.dtors
 *(.rel.dtors)

.rela.dtors
 *(.rela.dtors)

.rel.got
 *(.rel.got)

.rela.got
 *(.rela.got)

.rel.bss
 *(.rel.bss)

.rela.bss
 *(.rela.bss)

.rel.plt
 *(.rel.plt)

.rela.plt
 *(.rela.plt)

.text           0x0000000000000000     0x128a
 *(.vectors)
 .vectors       0x0000000000000000       0x94 /usr/local/Cellar/avr-gcc/8.3.0/lib/avr-gcc/8/gcc/avr/8.3.0/../../../../../../avr/lib/avr51/crtat90can128.o
                0x0000000000000000                __vectors
                0x0000000000000000                __vector_default
 *(.vectors)
 *(.progmem.gcc*)
                0x0000000000000094                . = ALIGN (0x2)
                0x0000000000000094                __trampolines_start = .
 *(.trampolines)
 .trampolines   0x0000000000000094        0x0 linker stubs
 *(.trampolines*)
                0x0000000000000094                __trampolines_end = .
 *libprintf_flt.a:*(.progmem.data)
 *libc.a:*(.progmem.data)
 *(.progmem.*)
                0x0000000000000094                . = ALIGN (0x2)
 *(.lowtext)
 *(.lowtext*)
                0x0000000000000094                __ctors_start = .
 *(.ctors)
                0x0000000000000094                __ctors_end = .
                0x0000000000000094                __dtors_start = .
 *(.dtors)
                0x0000000000000094                __dtors_end = .
 SORT_BY_NAME(*)(.ctors)
 SORT_BY_NAME(*)(.dtors)
 *(.init0)
 .init0         0x0000000000000094        0x0 /usr/local/Cellar/avr-gcc/8.3.0/lib/avr-gcc/8/gcc/avr/8.3.0/../../../../../../avr/lib/avr51/crtat90can128.o
                0x0000000000000094                __init
 *(.init0)
 *(.init1)
 *(.init1)
 *(.init2)
 .init2         0x0000000000000094        0xc /usr/local/Cellar/avr-gcc/8.3.0/lib/avr-gcc/8/gcc/avr/8.3.0/../../../../../../avr/lib/avr51/crtat90can128.o
 *(.init2)
 *(.init3)
 *(.init3)
 *(.init4)
 .init4         0x00000000000000a0       0x1a /usr/local/Cellar/avr-gcc/8.3.0/lib/avr-gcc/8/gcc/avr/8.3.0/avr51/libgcc.a(_copy_data.o)
                0x00000000000000a0                __do_copy_data
 .init4         0x00000000000000ba       0x10 /usr/local/Cellar/avr-gcc/8.3.0/lib/avr-gcc/8/gcc/avr/8.3.0/avr51/libgcc.a(_clear_bss.o)
                0x00000000000000ba                __do_clear_bss
 *(.init4)
 *(.init5)
 *(.init5)
 *(.init6)
 *(.init6)
 *(.init7)
 *(.init7)
 *(.init8)
 *(.init8)
 *(.init9)
 .init9         0x00000000000000ca        0x8 /usr/local/Cellar/avr-gcc/8.3.0/lib/avr-gcc/8/gcc/avr/8.3.0/../../../../../../avr/lib/avr51/crtat90can128.o
 *(.init9)
 *(.text)
 .text          0x00000000000000d2        0x4 /usr/local/Cellar/avr-gcc/8.3.0/lib/avr-gcc/8/gcc/avr/8.3.0/../../../../../../avr/lib/avr51/crtat90can128.o
                0x00000000000000d2                __vector_20
                0x00000000000000d2                __vector_28
                0x00000000000000d2                __vector_1
                0x00000000000000d2                __vector_32
                0x00000000000000d2                __vector_34
                0x00000000000000d2                __vector_24
                0x00000000000000d2                __bad_interrupt
                0x00000000000000d2                __vector_6
                0x00000000000000d2                __vector_31
                0x00000000000000d2                __vector_35
                0x00000000000000d2                __vector_3
                0x00000000000000d2                __vector_23
                0x00000000000000d2                __vector_30
                0x00000000000000d2                __vector_25
                0x00000000000000d2                __vector_11
                0x00000000000000d2                __vector_13
                0x00000000000000d2                __vector_17
                0x00000000000000d2                __vector_19
                0x00000000000000d2                __vector_7
                0x00000000000000d2                __vector_27
                0x00000000000000d2                __vector_5
                0x00000000000000d2                __vector_33
                0x00000000000000d2                __vector_4
                0x00000000000000d2                __vector_9
                0x00000000000000d2                __vector_2
                0x00000000000000d2                __vector_21
                0x00000000000000d2                __vector_15
                0x00000000000000d2                __vector_36
                0x00000000000000d2                __vector_29
                0x00000000000000d2                __vector_8
                0x00000000000000d2                __vector_26
                0x00000000000000d2                __vector_14
                0x00000000000000d2                __vector_10
                0x00000000000000d2                __vector_16
                0x00000000000000d2                __vector_22
 .text          0x00000000000000d6      0x16a build/./src/system.o
                0x00000000000000d6                timer_register_callback
                0x00000000000000e0                __vector_12
                0x0000000000000160                system_init
                0x0000000000000218                delay
                0x0000000000000230                read_switch
 .text          0x0000000000000240       0x74 build/./src/main.o
 .text          0x00000000000002b4      0x12c build/./src/stepper.o
                0x00000000000002b4                init_stepper
                0x00000000000002f4                enable_stepper
                0x000000000000030a                set_rpm_stepper
                0x0000000000000320                move_stepper
 .text          0x00000000000003e0       0xcc build/./src/Uart.o
                0x00000000000003e0                USART0_init
                0x0000000000000474                USART0_transmit
                0x0000000000000482                USART0_receive
                0x0000000000000490                USART0_string
                0x00000000000004a8                debug_printf
                0x00000000000004aa                debug_printf_num
 .text          0x00000000000004ac      0x33c build/./src/can.o
                0x00000000000004ac                __vector_18
                0x00000000000005a4                CAN_Init
                0x000000000000062e                CAN_InitRxMob
                0x00000000000006aa                CAN_checkRX
                0x00000000000006b8                CAN_read
                0x000000000000072a                CAN_write
 .text          0x00000000000007e8      0x1d8 build/./src/gpio.o
                0x00000000000007e8                gpio_register_pin
                0x000000000000089e                gpio_write_pin
                0x00000000000008fc                gpio_read_pin
                0x000000000000094e                gpio_debouncer
 .text          0x00000000000009c0      0x38a build/./src/hbridge.o
                0x00000000000009c0                hbridge_move
                0x0000000000000af2                init_hbridge
                0x0000000000000b7a                hbridge_break
                0x0000000000000b88                hbridge_time
 .text          0x0000000000000d4a        0x0 /usr/local/Cellar/avr-gcc/8.3.0/lib/avr-gcc/8/gcc/avr/8.3.0/avr51/libgcc.a(_divmodhi4.o)
 .text          0x0000000000000d4a        0x0 /usr/local/Cellar/avr-gcc/8.3.0/lib/avr-gcc/8/gcc/avr/8.3.0/avr51/libgcc.a(_udivmodsi4.o)
 .text          0x0000000000000d4a        0x0 /usr/local/Cellar/avr-gcc/8.3.0/lib/avr-gcc/8/gcc/avr/8.3.0/avr51/libgcc.a(_divmodsi4.o)
 .text          0x0000000000000d4a        0x0 /usr/local/Cellar/avr-gcc/8.3.0/lib/avr-gcc/8/gcc/avr/8.3.0/avr51/libgcc.a(_negsi2.o)
 .text          0x0000000000000d4a        0x0 /usr/local/Cellar/avr-gcc/8.3.0/lib/avr-gcc/8/gcc/avr/8.3.0/avr51/libgcc.a(_exit.o)
 .text          0x0000000000000d4a        0x0 /usr/local/Cellar/avr-gcc/8.3.0/lib/avr-gcc/8/gcc/avr/8.3.0/avr51/libgcc.a(_copy_data.o)
 .text          0x0000000000000d4a        0x0 /usr/local/Cellar/avr-gcc/8.3.0/lib/avr-gcc/8/gcc/avr/8.3.0/avr51/libgcc.a(_clear_bss.o)
 .text          0x0000000000000d4a        0x0 /usr/local/Cellar/avr-gcc/8.3.0/lib/avr-gcc/8/gcc/avr/8.3.0/avr51/libgcc.a(_usmulhisi3.o)
 .text          0x0000000000000d4a        0x0 /usr/local/Cellar/avr-gcc/8.3.0/lib/avr-gcc/8/gcc/avr/8.3.0/avr51/libgcc.a(_udivmodhi4.o)
 .text          0x0000000000000d4a        0x0 /usr/local/Cellar/avr-gcc/8.3.0/lib/avr-gcc/8/gcc/avr/8.3.0/avr51/libgcc.a(_umulhisi3.o)
 .text          0x0000000000000d4a        0x0 /usr/local/Cellar/avr-gcc/8.3.0/lib/avr-gcc/8/gcc/avr/8.3.0/../../../../../../avr/lib/avr51/libc.a(malloc.o)
                0x0000000000000d4a                . = ALIGN (0x2)
 *(.text.*)
 .text.startup  0x0000000000000d4a      0x1e8 build/./src/main.o
                0x0000000000000d4a                main
 .text.libgcc.mul
                0x0000000000000f32        0x0 /usr/local/Cellar/avr-gcc/8.3.0/lib/avr-gcc/8/gcc/avr/8.3.0/avr51/libgcc.a(_divmodhi4.o)
 .text.libgcc.div
                0x0000000000000f32       0x28 /usr/local/Cellar/avr-gcc/8.3.0/lib/avr-gcc/8/gcc/avr/8.3.0/avr51/libgcc.a(_divmodhi4.o)
                0x0000000000000f32                __divmodhi4
                0x0000000000000f32                _div
 .text.libgcc   0x0000000000000f5a        0x0 /usr/local/Cellar/avr-gcc/8.3.0/lib/avr-gcc/8/gcc/avr/8.3.0/avr51/libgcc.a(_divmodhi4.o)
 .text.libgcc.prologue
                0x0000000000000f5a        0x0 /usr/local/Cellar/avr-gcc/8.3.0/lib/avr-gcc/8/gcc/avr/8.3.0/avr51/libgcc.a(_divmodhi4.o)
 .text.libgcc.builtins
                0x0000000000000f5a        0x0 /usr/local/Cellar/avr-gcc/8.3.0/lib/avr-gcc/8/gcc/avr/8.3.0/avr51/libgcc.a(_divmodhi4.o)
 .text.libgcc.fmul
                0x0000000000000f5a        0x0 /usr/local/Cellar/avr-gcc/8.3.0/lib/avr-gcc/8/gcc/avr/8.3.0/avr51/libgcc.a(_divmodhi4.o)
 .text.libgcc.fixed
                0x0000000000000f5a        0x0 /usr/local/Cellar/avr-gcc/8.3.0/lib/avr-gcc/8/gcc/avr/8.3.0/avr51/libgcc.a(_divmodhi4.o)
 .text.libgcc.mul
                0x0000000000000f5a        0x0 /usr/local/Cellar/avr-gcc/8.3.0/lib/avr-gcc/8/gcc/avr/8.3.0/avr51/libgcc.a(_udivmodsi4.o)
 .text.libgcc.div
                0x0000000000000f5a       0x44 /usr/local/Cellar/avr-gcc/8.3.0/lib/avr-gcc/8/gcc/avr/8.3.0/avr51/libgcc.a(_udivmodsi4.o)
                0x0000000000000f5a                __udivmodsi4
 .text.libgcc   0x0000000000000f9e        0x0 /usr/local/Cellar/avr-gcc/8.3.0/lib/avr-gcc/8/gcc/avr/8.3.0/avr51/libgcc.a(_udivmodsi4.o)
 .text.libgcc.prologue
                0x0000000000000f9e        0x0 /usr/local/Cellar/avr-gcc/8.3.0/lib/avr-gcc/8/gcc/avr/8.3.0/avr51/libgcc.a(_udivmodsi4.o)
 .text.libgcc.builtins
                0x0000000000000f9e        0x0 /usr/local/Cellar/avr-gcc/8.3.0/lib/avr-gcc/8/gcc/avr/8.3.0/avr51/libgcc.a(_udivmodsi4.o)
 .text.libgcc.fmul
                0x0000000000000f9e        0x0 /usr/local/Cellar/avr-gcc/8.3.0/lib/avr-gcc/8/gcc/avr/8.3.0/avr51/libgcc.a(_udivmodsi4.o)
 .text.libgcc.fixed
                0x0000000000000f9e        0x0 /usr/local/Cellar/avr-gcc/8.3.0/lib/avr-gcc/8/gcc/avr/8.3.0/avr51/libgcc.a(_udivmodsi4.o)
 .text.libgcc.mul
                0x0000000000000f9e        0x0 /usr/local/Cellar/avr-gcc/8.3.0/lib/avr-gcc/8/gcc/avr/8.3.0/avr51/libgcc.a(_divmodsi4.o)
 .text.libgcc.div
                0x0000000000000f9e       0x2e /usr/local/Cellar/avr-gcc/8.3.0/lib/avr-gcc/8/gcc/avr/8.3.0/avr51/libgcc.a(_divmodsi4.o)
                0x0000000000000f9e                __divmodsi4
 .text.libgcc   0x0000000000000fcc        0x0 /usr/local/Cellar/avr-gcc/8.3.0/lib/avr-gcc/8/gcc/avr/8.3.0/avr51/libgcc.a(_divmodsi4.o)
 .text.libgcc.prologue
                0x0000000000000fcc        0x0 /usr/local/Cellar/avr-gcc/8.3.0/lib/avr-gcc/8/gcc/avr/8.3.0/avr51/libgcc.a(_divmodsi4.o)
 .text.libgcc.builtins
                0x0000000000000fcc        0x0 /usr/local/Cellar/avr-gcc/8.3.0/lib/avr-gcc/8/gcc/avr/8.3.0/avr51/libgcc.a(_divmodsi4.o)
 .text.libgcc.fmul
                0x0000000000000fcc        0x0 /usr/local/Cellar/avr-gcc/8.3.0/lib/avr-gcc/8/gcc/avr/8.3.0/avr51/libgcc.a(_divmodsi4.o)
 .text.libgcc.fixed
                0x0000000000000fcc        0x0 /usr/local/Cellar/avr-gcc/8.3.0/lib/avr-gcc/8/gcc/avr/8.3.0/avr51/libgcc.a(_divmodsi4.o)
 .text.libgcc.mul
                0x0000000000000fcc        0x0 /usr/local/Cellar/avr-gcc/8.3.0/lib/avr-gcc/8/gcc/avr/8.3.0/avr51/libgcc.a(_negsi2.o)
 .text.libgcc.div
                0x0000000000000fcc       0x10 /usr/local/Cellar/avr-gcc/8.3.0/lib/avr-gcc/8/gcc/avr/8.3.0/avr51/libgcc.a(_negsi2.o)
                0x0000000000000fcc                __negsi2
 .text.libgcc   0x0000000000000fdc        0x0 /usr/local/Cellar/avr-gcc/8.3.0/lib/avr-gcc/8/gcc/avr/8.3.0/avr51/libgcc.a(_negsi2.o)
 .text.libgcc.prologue
                0x0000000000000fdc        0x0 /usr/local/Cellar/avr-gcc/8.3.0/lib/avr-gcc/8/gcc/avr/8.3.0/avr51/libgcc.a(_negsi2.o)
 .text.libgcc.builtins
                0x0000000000000fdc        0x0 /usr/local/Cellar/avr-gcc/8.3.0/lib/avr-gcc/8/gcc/avr/8.3.0/avr51/libgcc.a(_negsi2.o)
 .text.libgcc.fmul
                0x0000000000000fdc        0x0 /usr/local/Cellar/avr-gcc/8.3.0/lib/avr-gcc/8/gcc/avr/8.3.0/avr51/libgcc.a(_negsi2.o)
 .text.libgcc.fixed
                0x0000000000000fdc        0x0 /usr/local/Cellar/avr-gcc/8.3.0/lib/avr-gcc/8/gcc/avr/8.3.0/avr51/libgcc.a(_negsi2.o)
 .text.libgcc.mul
                0x0000000000000fdc        0x0 /usr/local/Cellar/avr-gcc/8.3.0/lib/avr-gcc/8/gcc/avr/8.3.0/avr51/libgcc.a(_exit.o)
 .text.libgcc.div
                0x0000000000000fdc        0x0 /usr/local/Cellar/avr-gcc/8.3.0/lib/avr-gcc/8/gcc/avr/8.3.0/avr51/libgcc.a(_exit.o)
 .text.libgcc   0x0000000000000fdc        0x0 /usr/local/Cellar/avr-gcc/8.3.0/lib/avr-gcc/8/gcc/avr/8.3.0/avr51/libgcc.a(_exit.o)
 .text.libgcc.prologue
                0x0000000000000fdc        0x0 /usr/local/Cellar/avr-gcc/8.3.0/lib/avr-gcc/8/gcc/avr/8.3.0/avr51/libgcc.a(_exit.o)
 .text.libgcc.builtins
                0x0000000000000fdc        0x0 /usr/local/Cellar/avr-gcc/8.3.0/lib/avr-gcc/8/gcc/avr/8.3.0/avr51/libgcc.a(_exit.o)
 .text.libgcc.fmul
                0x0000000000000fdc        0x0 /usr/local/Cellar/avr-gcc/8.3.0/lib/avr-gcc/8/gcc/avr/8.3.0/avr51/libgcc.a(_exit.o)
 .text.libgcc.fixed
                0x0000000000000fdc        0x0 /usr/local/Cellar/avr-gcc/8.3.0/lib/avr-gcc/8/gcc/avr/8.3.0/avr51/libgcc.a(_exit.o)
 .text.libgcc.mul
                0x0000000000000fdc        0x0 /usr/local/Cellar/avr-gcc/8.3.0/lib/avr-gcc/8/gcc/avr/8.3.0/avr51/libgcc.a(_copy_data.o)
 .text.libgcc.div
                0x0000000000000fdc        0x0 /usr/local/Cellar/avr-gcc/8.3.0/lib/avr-gcc/8/gcc/avr/8.3.0/avr51/libgcc.a(_copy_data.o)
 .text.libgcc   0x0000000000000fdc        0x0 /usr/local/Cellar/avr-gcc/8.3.0/lib/avr-gcc/8/gcc/avr/8.3.0/avr51/libgcc.a(_copy_data.o)
 .text.libgcc.prologue
                0x0000000000000fdc        0x0 /usr/local/Cellar/avr-gcc/8.3.0/lib/avr-gcc/8/gcc/avr/8.3.0/avr51/libgcc.a(_copy_data.o)
 .text.libgcc.builtins
                0x0000000000000fdc        0x0 /usr/local/Cellar/avr-gcc/8.3.0/lib/avr-gcc/8/gcc/avr/8.3.0/avr51/libgcc.a(_copy_data.o)
 .text.libgcc.fmul
                0x0000000000000fdc        0x0 /usr/local/Cellar/avr-gcc/8.3.0/lib/avr-gcc/8/gcc/avr/8.3.0/avr51/libgcc.a(_copy_data.o)
 .text.libgcc.fixed
                0x0000000000000fdc        0x0 /usr/local/Cellar/avr-gcc/8.3.0/lib/avr-gcc/8/gcc/avr/8.3.0/avr51/libgcc.a(_copy_data.o)
 .text.libgcc.mul
                0x0000000000000fdc        0x0 /usr/local/Cellar/avr-gcc/8.3.0/lib/avr-gcc/8/gcc/avr/8.3.0/avr51/libgcc.a(_clear_bss.o)
 .text.libgcc.div
                0x0000000000000fdc        0x0 /usr/local/Cellar/avr-gcc/8.3.0/lib/avr-gcc/8/gcc/avr/8.3.0/avr51/libgcc.a(_clear_bss.o)
 .text.libgcc   0x0000000000000fdc        0x0 /usr/local/Cellar/avr-gcc/8.3.0/lib/avr-gcc/8/gcc/avr/8.3.0/avr51/libgcc.a(_clear_bss.o)
 .text.libgcc.prologue
                0x0000000000000fdc        0x0 /usr/local/Cellar/avr-gcc/8.3.0/lib/avr-gcc/8/gcc/avr/8.3.0/avr51/libgcc.a(_clear_bss.o)
 .text.libgcc.builtins
                0x0000000000000fdc        0x0 /usr/local/Cellar/avr-gcc/8.3.0/lib/avr-gcc/8/gcc/avr/8.3.0/avr51/libgcc.a(_clear_bss.o)
 .text.libgcc.fmul
                0x0000000000000fdc        0x0 /usr/local/Cellar/avr-gcc/8.3.0/lib/avr-gcc/8/gcc/avr/8.3.0/avr51/libgcc.a(_clear_bss.o)
 .text.libgcc.fixed
                0x0000000000000fdc        0x0 /usr/local/Cellar/avr-gcc/8.3.0/lib/avr-gcc/8/gcc/avr/8.3.0/avr51/libgcc.a(_clear_bss.o)
 .text.libgcc.mul
                0x0000000000000fdc        0xe /usr/local/Cellar/avr-gcc/8.3.0/lib/avr-gcc/8/gcc/avr/8.3.0/avr51/libgcc.a(_usmulhisi3.o)
                0x0000000000000fdc                __usmulhisi3
                0x0000000000000fe0                __usmulhisi3_tail
 .text.libgcc.div
                0x0000000000000fea        0x0 /usr/local/Cellar/avr-gcc/8.3.0/lib/avr-gcc/8/gcc/avr/8.3.0/avr51/libgcc.a(_usmulhisi3.o)
 .text.libgcc   0x0000000000000fea        0x0 /usr/local/Cellar/avr-gcc/8.3.0/lib/avr-gcc/8/gcc/avr/8.3.0/avr51/libgcc.a(_usmulhisi3.o)
 .text.libgcc.prologue
                0x0000000000000fea        0x0 /usr/local/Cellar/avr-gcc/8.3.0/lib/avr-gcc/8/gcc/avr/8.3.0/avr51/libgcc.a(_usmulhisi3.o)
 .text.libgcc.builtins
                0x0000000000000fea        0x0 /usr/local/Cellar/avr-gcc/8.3.0/lib/avr-gcc/8/gcc/avr/8.3.0/avr51/libgcc.a(_usmulhisi3.o)
 .text.libgcc.fmul
                0x0000000000000fea        0x0 /usr/local/Cellar/avr-gcc/8.3.0/lib/avr-gcc/8/gcc/avr/8.3.0/avr51/libgcc.a(_usmulhisi3.o)
 .text.libgcc.fixed
                0x0000000000000fea        0x0 /usr/local/Cellar/avr-gcc/8.3.0/lib/avr-gcc/8/gcc/avr/8.3.0/avr51/libgcc.a(_usmulhisi3.o)
 .text.libgcc.mul
                0x0000000000000fea        0x0 /usr/local/Cellar/avr-gcc/8.3.0/lib/avr-gcc/8/gcc/avr/8.3.0/avr51/libgcc.a(_udivmodhi4.o)
 .text.libgcc.div
                0x0000000000000fea       0x28 /usr/local/Cellar/avr-gcc/8.3.0/lib/avr-gcc/8/gcc/avr/8.3.0/avr51/libgcc.a(_udivmodhi4.o)
                0x0000000000000fea                __udivmodhi4
 .text.libgcc   0x0000000000001012        0x0 /usr/local/Cellar/avr-gcc/8.3.0/lib/avr-gcc/8/gcc/avr/8.3.0/avr51/libgcc.a(_udivmodhi4.o)
 .text.libgcc.prologue
                0x0000000000001012        0x0 /usr/local/Cellar/avr-gcc/8.3.0/lib/avr-gcc/8/gcc/avr/8.3.0/avr51/libgcc.a(_udivmodhi4.o)
 .text.libgcc.builtins
                0x0000000000001012        0x0 /usr/local/Cellar/avr-gcc/8.3.0/lib/avr-gcc/8/gcc/avr/8.3.0/avr51/libgcc.a(_udivmodhi4.o)
 .text.libgcc.fmul
                0x0000000000001012        0x0 /usr/local/Cellar/avr-gcc/8.3.0/lib/avr-gcc/8/gcc/avr/8.3.0/avr51/libgcc.a(_udivmodhi4.o)
 .text.libgcc.fixed
                0x0000000000001012        0x0 /usr/local/Cellar/avr-gcc/8.3.0/lib/avr-gcc/8/gcc/avr/8.3.0/avr51/libgcc.a(_udivmodhi4.o)
 .text.libgcc.mul
                0x0000000000001012       0x1e /usr/local/Cellar/avr-gcc/8.3.0/lib/avr-gcc/8/gcc/avr/8.3.0/avr51/libgcc.a(_umulhisi3.o)
                0x0000000000001012                __umulhisi3
 .text.libgcc.div
                0x0000000000001030        0x0 /usr/local/Cellar/avr-gcc/8.3.0/lib/avr-gcc/8/gcc/avr/8.3.0/avr51/libgcc.a(_umulhisi3.o)
 .text.libgcc   0x0000000000001030        0x0 /usr/local/Cellar/avr-gcc/8.3.0/lib/avr-gcc/8/gcc/avr/8.3.0/avr51/libgcc.a(_umulhisi3.o)
 .text.libgcc.prologue
                0x0000000000001030        0x0 /usr/local/Cellar/avr-gcc/8.3.0/lib/avr-gcc/8/gcc/avr/8.3.0/avr51/libgcc.a(_umulhisi3.o)
 .text.libgcc.builtins
                0x0000000000001030        0x0 /usr/local/Cellar/avr-gcc/8.3.0/lib/avr-gcc/8/gcc/avr/8.3.0/avr51/libgcc.a(_umulhisi3.o)
 .text.libgcc.fmul
                0x0000000000001030        0x0 /usr/local/Cellar/avr-gcc/8.3.0/lib/avr-gcc/8/gcc/avr/8.3.0/avr51/libgcc.a(_umulhisi3.o)
 .text.libgcc.fixed
                0x0000000000001030        0x0 /usr/local/Cellar/avr-gcc/8.3.0/lib/avr-gcc/8/gcc/avr/8.3.0/avr51/libgcc.a(_umulhisi3.o)
 .text.avr-libc
                0x0000000000001030      0x256 /usr/local/Cellar/avr-gcc/8.3.0/lib/avr-gcc/8/gcc/avr/8.3.0/../../../../../../avr/lib/avr51/libc.a(malloc.o)
                0x0000000000001030                malloc
                0x0000000000001164                free
                0x0000000000001286                . = ALIGN (0x2)
 *(.fini9)
 .fini9         0x0000000000001286        0x0 /usr/local/Cellar/avr-gcc/8.3.0/lib/avr-gcc/8/gcc/avr/8.3.0/avr51/libgcc.a(_exit.o)
                0x0000000000001286                exit
                0x0000000000001286                _exit
 *(.fini9)
 *(.fini8)
 *(.fini8)
 *(.fini7)
 *(.fini7)
 *(.fini6)
 *(.fini6)
 *(.fini5)
 *(.fini5)
 *(.fini4)
 *(.fini4)
 *(.fini3)
 *(.fini3)
 *(.fini2)
 *(.fini2)
 *(.fini1)
 *(.fini1)
 *(.fini0)
 .fini0         0x0000000000001286        0x4 /usr/local/Cellar/avr-gcc/8.3.0/lib/avr-gcc/8/gcc/avr/8.3.0/avr51/libgcc.a(_exit.o)
 *(.fini0)
 *(.hightext)
 *(.hightext*)
 *(.progmemx.*)
                0x000000000000128a                . = ALIGN (0x2)
 *(.jumptables)
 *(.jumptables*)
                0x000000000000128a                _etext = .

.data           0x0000000000800100       0x98 load address 0x000000000000128a
                0x0000000000800100                PROVIDE (__data_start = .)
 *(.data)
 .data          0x0000000000800100        0x0 /usr/local/Cellar/avr-gcc/8.3.0/lib/avr-gcc/8/gcc/avr/8.3.0/../../../../../../avr/lib/avr51/crtat90can128.o
 .data          0x0000000000800100        0x8 build/./src/system.o
                0x0000000000800100                switches_pin
 .data          0x0000000000800108        0x8 build/./src/main.o
                0x0000000000800108                dummy_data
 .data          0x0000000000800110        0x4 build/./src/stepper.o
 .data          0x0000000000800114        0x0 build/./src/Uart.o
 .data          0x0000000000800114        0x0 build/./src/can.o
 .data          0x0000000000800114        0x4 build/./src/gpio.o
                0x0000000000800114                gpio_inputs
 .data          0x0000000000800118        0x0 build/./src/hbridge.o
 .data          0x0000000000800118        0x0 /usr/local/Cellar/avr-gcc/8.3.0/lib/avr-gcc/8/gcc/avr/8.3.0/avr51/libgcc.a(_divmodhi4.o)
 .data          0x0000000000800118        0x0 /usr/local/Cellar/avr-gcc/8.3.0/lib/avr-gcc/8/gcc/avr/8.3.0/avr51/libgcc.a(_udivmodsi4.o)
 .data          0x0000000000800118        0x0 /usr/local/Cellar/avr-gcc/8.3.0/lib/avr-gcc/8/gcc/avr/8.3.0/avr51/libgcc.a(_divmodsi4.o)
 .data          0x0000000000800118        0x0 /usr/local/Cellar/avr-gcc/8.3.0/lib/avr-gcc/8/gcc/avr/8.3.0/avr51/libgcc.a(_negsi2.o)
 .data          0x0000000000800118        0x0 /usr/local/Cellar/avr-gcc/8.3.0/lib/avr-gcc/8/gcc/avr/8.3.0/avr51/libgcc.a(_exit.o)
 .data          0x0000000000800118        0x0 /usr/local/Cellar/avr-gcc/8.3.0/lib/avr-gcc/8/gcc/avr/8.3.0/avr51/libgcc.a(_copy_data.o)
 .data          0x0000000000800118        0x0 /usr/local/Cellar/avr-gcc/8.3.0/lib/avr-gcc/8/gcc/avr/8.3.0/avr51/libgcc.a(_clear_bss.o)
 .data          0x0000000000800118        0x0 /usr/local/Cellar/avr-gcc/8.3.0/lib/avr-gcc/8/gcc/avr/8.3.0/avr51/libgcc.a(_usmulhisi3.o)
 .data          0x0000000000800118        0x0 /usr/local/Cellar/avr-gcc/8.3.0/lib/avr-gcc/8/gcc/avr/8.3.0/avr51/libgcc.a(_udivmodhi4.o)
 .data          0x0000000000800118        0x0 /usr/local/Cellar/avr-gcc/8.3.0/lib/avr-gcc/8/gcc/avr/8.3.0/avr51/libgcc.a(_umulhisi3.o)
 .data          0x0000000000800118        0x6 /usr/local/Cellar/avr-gcc/8.3.0/lib/avr-gcc/8/gcc/avr/8.3.0/../../../../../../avr/lib/avr51/libc.a(malloc.o)
                0x0000000000800118                __malloc_heap_end
                0x000000000080011a                __malloc_heap_start
                0x000000000080011c                __malloc_margin
 *(.data*)
 *(.gnu.linkonce.d*)
 *(.rodata)
 *(.rodata*)
 .rodata.str1.1
                0x000000000080011e       0x48 build/./src/system.o
 .rodata.str1.1
                0x0000000000800166       0x32 build/./src/hbridge.o
                                         0x34 (size before relaxing)
 *(.gnu.linkonce.r*)
                0x0000000000800198                . = ALIGN (0x2)
                0x0000000000800198                _edata = .
                0x0000000000800198                PROVIDE (__data_end = .)

.bss            0x0000000000800198      0x220
                0x0000000000800198                PROVIDE (__bss_start = .)
 *(.bss)
 .bss           0x0000000000800198        0x0 /usr/local/Cellar/avr-gcc/8.3.0/lib/avr-gcc/8/gcc/avr/8.3.0/../../../../../../avr/lib/avr51/crtat90can128.o
 .bss           0x0000000000800198        0x6 build/./src/system.o
 .bss           0x000000000080019e        0x0 build/./src/main.o
 .bss           0x000000000080019e        0x0 build/./src/stepper.o
 .bss           0x000000000080019e        0x0 build/./src/Uart.o
 .bss           0x000000000080019e      0x1f7 build/./src/can.o
 .bss           0x0000000000800395        0x1 build/./src/gpio.o
 .bss           0x0000000000800396        0x0 build/./src/hbridge.o
 .bss           0x0000000000800396        0x0 /usr/local/Cellar/avr-gcc/8.3.0/lib/avr-gcc/8/gcc/avr/8.3.0/avr51/libgcc.a(_divmodhi4.o)
 .bss           0x0000000000800396        0x0 /usr/local/Cellar/avr-gcc/8.3.0/lib/avr-gcc/8/gcc/avr/8.3.0/avr51/libgcc.a(_udivmodsi4.o)
 .bss           0x0000000000800396        0x0 /usr/local/Cellar/avr-gcc/8.3.0/lib/avr-gcc/8/gcc/avr/8.3.0/avr51/libgcc.a(_divmodsi4.o)
 .bss           0x0000000000800396        0x0 /usr/local/Cellar/avr-gcc/8.3.0/lib/avr-gcc/8/gcc/avr/8.3.0/avr51/libgcc.a(_negsi2.o)
 .bss           0x0000000000800396        0x0 /usr/local/Cellar/avr-gcc/8.3.0/lib/avr-gcc/8/gcc/avr/8.3.0/avr51/libgcc.a(_exit.o)
 .bss           0x0000000000800396        0x0 /usr/local/Cellar/avr-gcc/8.3.0/lib/avr-gcc/8/gcc/avr/8.3.0/avr51/libgcc.a(_copy_data.o)
 .bss           0x0000000000800396        0x0 /usr/local/Cellar/avr-gcc/8.3.0/lib/avr-gcc/8/gcc/avr/8.3.0/avr51/libgcc.a(_clear_bss.o)
 .bss           0x0000000000800396        0x0 /usr/local/Cellar/avr-gcc/8.3.0/lib/avr-gcc/8/gcc/avr/8.3.0/avr51/libgcc.a(_usmulhisi3.o)
 .bss           0x0000000000800396        0x0 /usr/local/Cellar/avr-gcc/8.3.0/lib/avr-gcc/8/gcc/avr/8.3.0/avr51/libgcc.a(_udivmodhi4.o)
 .bss           0x0000000000800396        0x0 /usr/local/Cellar/avr-gcc/8.3.0/lib/avr-gcc/8/gcc/avr/8.3.0/avr51/libgcc.a(_umulhisi3.o)
 .bss           0x0000000000800396        0x0 /usr/local/Cellar/avr-gcc/8.3.0/lib/avr-gcc/8/gcc/avr/8.3.0/../../../../../../avr/lib/avr51/libc.a(malloc.o)
 *(.bss*)
 *(COMMON)
 COMMON         0x0000000000800396       0x16 build/./src/main.o
                0x0000000000800396                second_byte
                0x0000000000800397                message
                0x00000000008003a1                snd_message
                0x00000000008003ab                first_byte
 COMMON         0x00000000008003ac        0x8 build/./src/hbridge.o
                0x00000000008003ac                current_A_1
                0x00000000008003ae                current_B_2
                0x00000000008003b0                current_A_2
                0x00000000008003b2                current_B_1
 COMMON         0x00000000008003b4        0x4 /usr/local/Cellar/avr-gcc/8.3.0/lib/avr-gcc/8/gcc/avr/8.3.0/../../../../../../avr/lib/avr51/libc.a(malloc.o)
                0x00000000008003b4                __brkval
                0x00000000008003b6                __flp
                0x00000000008003b8                PROVIDE (__bss_end = .)
                0x000000000000128a                __data_load_start = LOADADDR (.data)
                0x0000000000001322                __data_load_end = (__data_load_start + SIZEOF (.data))

.noinit         0x00000000008003b8        0x0
                [!provide]                        PROVIDE (__noinit_start = .)
 *(.noinit*)
                [!provide]                        PROVIDE (__noinit_end = .)
                0x00000000008003b8                _end = .
                0x00000000008003b8                PROVIDE (__heap_start = .)

.eeprom         0x0000000000810000        0x0
 *(.eeprom*)
                0x0000000000810000                __eeprom_end = .

.fuse
 *(.fuse)
 *(.lfuse)
 *(.hfuse)
 *(.efuse)

.lock
 *(.lock*)

.signature
 *(.signature*)

.stab
 *(.stab)

.stabstr
 *(.stabstr)

.stab.excl
 *(.stab.excl)

.stab.exclstr
 *(.stab.exclstr)

.stab.index
 *(.stab.index)

.stab.indexstr
 *(.stab.indexstr)

.comment        0x0000000000000000       0x11
 *(.comment)
 .comment       0x0000000000000000       0x11 build/./src/system.o
                                         0x12 (size before relaxing)
 .comment       0x0000000000000011       0x12 build/./src/main.o
 .comment       0x0000000000000011       0x12 build/./src/stepper.o
 .comment       0x0000000000000011       0x12 build/./src/Uart.o
 .comment       0x0000000000000011       0x12 build/./src/can.o
 .comment       0x0000000000000011       0x12 build/./src/gpio.o
 .comment       0x0000000000000011       0x12 build/./src/hbridge.o
 .comment       0x0000000000000011       0x12 /usr/local/Cellar/avr-gcc/8.3.0/lib/avr-gcc/8/gcc/avr/8.3.0/../../../../../../avr/lib/avr51/libc.a(malloc.o)

.note.gnu.avr.deviceinfo
                0x0000000000000000       0x40
 .note.gnu.avr.deviceinfo
                0x0000000000000000       0x40 /usr/local/Cellar/avr-gcc/8.3.0/lib/avr-gcc/8/gcc/avr/8.3.0/../../../../../../avr/lib/avr51/crtat90can128.o

.note.gnu.build-id
 *(.note.gnu.build-id)

.debug
 *(.debug)

.line
 *(.line)

.debug_srcinfo
 *(.debug_srcinfo)

.debug_sfnames
 *(.debug_sfnames)

.debug_aranges  0x0000000000000000      0x228
 *(.debug_aranges)
 .debug_aranges
                0x0000000000000000       0x20 build/./src/system.o
 .debug_aranges
                0x0000000000000020       0x28 build/./src/main.o
 .debug_aranges
                0x0000000000000048       0x20 build/./src/stepper.o
 .debug_aranges
                0x0000000000000068       0x20 build/./src/Uart.o
 .debug_aranges
                0x0000000000000088       0x20 build/./src/can.o
 .debug_aranges
                0x00000000000000a8       0x20 build/./src/gpio.o
 .debug_aranges
                0x00000000000000c8       0x20 build/./src/hbridge.o
 .debug_aranges
                0x00000000000000e8       0x20 /usr/local/Cellar/avr-gcc/8.3.0/lib/avr-gcc/8/gcc/avr/8.3.0/avr51/libgcc.a(_divmodhi4.o)
 .debug_aranges
                0x0000000000000108       0x20 /usr/local/Cellar/avr-gcc/8.3.0/lib/avr-gcc/8/gcc/avr/8.3.0/avr51/libgcc.a(_udivmodsi4.o)
 .debug_aranges
                0x0000000000000128       0x20 /usr/local/Cellar/avr-gcc/8.3.0/lib/avr-gcc/8/gcc/avr/8.3.0/avr51/libgcc.a(_divmodsi4.o)
 .debug_aranges
                0x0000000000000148       0x20 /usr/local/Cellar/avr-gcc/8.3.0/lib/avr-gcc/8/gcc/avr/8.3.0/avr51/libgcc.a(_negsi2.o)
 .debug_aranges
                0x0000000000000168       0x20 /usr/local/Cellar/avr-gcc/8.3.0/lib/avr-gcc/8/gcc/avr/8.3.0/avr51/libgcc.a(_exit.o)
 .debug_aranges
                0x0000000000000188       0x20 /usr/local/Cellar/avr-gcc/8.3.0/lib/avr-gcc/8/gcc/avr/8.3.0/avr51/libgcc.a(_copy_data.o)
 .debug_aranges
                0x00000000000001a8       0x20 /usr/local/Cellar/avr-gcc/8.3.0/lib/avr-gcc/8/gcc/avr/8.3.0/avr51/libgcc.a(_clear_bss.o)
 .debug_aranges
                0x00000000000001c8       0x20 /usr/local/Cellar/avr-gcc/8.3.0/lib/avr-gcc/8/gcc/avr/8.3.0/avr51/libgcc.a(_usmulhisi3.o)
 .debug_aranges
                0x00000000000001e8       0x20 /usr/local/Cellar/avr-gcc/8.3.0/lib/avr-gcc/8/gcc/avr/8.3.0/avr51/libgcc.a(_udivmodhi4.o)
 .debug_aranges
                0x0000000000000208       0x20 /usr/local/Cellar/avr-gcc/8.3.0/lib/avr-gcc/8/gcc/avr/8.3.0/avr51/libgcc.a(_umulhisi3.o)

.debug_pubnames
 *(.debug_pubnames)

.debug_info     0x0000000000000000     0x2d8f
 *(.debug_info .gnu.linkonce.wi.*)
 .debug_info    0x0000000000000000      0xa2d /usr/local/Cellar/avr-gcc/8.3.0/lib/avr-gcc/8/gcc/avr/8.3.0/../../../../../../avr/lib/avr51/crtat90can128.o
 .debug_info    0x0000000000000a2d      0x613 build/./src/system.o
 .debug_info    0x0000000000001040      0x5c5 build/./src/main.o
 .debug_info    0x0000000000001605      0x421 build/./src/stepper.o
 .debug_info    0x0000000000001a26      0x27f build/./src/Uart.o
 .debug_info    0x0000000000001ca5      0x2f0 build/./src/can.o
 .debug_info    0x0000000000001f95      0x643 build/./src/gpio.o
 .debug_info    0x00000000000025d8      0x63b build/./src/hbridge.o
 .debug_info    0x0000000000002c13       0x26 /usr/local/Cellar/avr-gcc/8.3.0/lib/avr-gcc/8/gcc/avr/8.3.0/avr51/libgcc.a(_divmodhi4.o)
 .debug_info    0x0000000000002c39       0x26 /usr/local/Cellar/avr-gcc/8.3.0/lib/avr-gcc/8/gcc/avr/8.3.0/avr51/libgcc.a(_udivmodsi4.o)
 .debug_info    0x0000000000002c5f       0x26 /usr/local/Cellar/avr-gcc/8.3.0/lib/avr-gcc/8/gcc/avr/8.3.0/avr51/libgcc.a(_divmodsi4.o)
 .debug_info    0x0000000000002c85       0x26 /usr/local/Cellar/avr-gcc/8.3.0/lib/avr-gcc/8/gcc/avr/8.3.0/avr51/libgcc.a(_negsi2.o)
 .debug_info    0x0000000000002cab       0x26 /usr/local/Cellar/avr-gcc/8.3.0/lib/avr-gcc/8/gcc/avr/8.3.0/avr51/libgcc.a(_exit.o)
 .debug_info    0x0000000000002cd1       0x26 /usr/local/Cellar/avr-gcc/8.3.0/lib/avr-gcc/8/gcc/avr/8.3.0/avr51/libgcc.a(_copy_data.o)
 .debug_info    0x0000000000002cf7       0x26 /usr/local/Cellar/avr-gcc/8.3.0/lib/avr-gcc/8/gcc/avr/8.3.0/avr51/libgcc.a(_clear_bss.o)
 .debug_info    0x0000000000002d1d       0x26 /usr/local/Cellar/avr-gcc/8.3.0/lib/avr-gcc/8/gcc/avr/8.3.0/avr51/libgcc.a(_usmulhisi3.o)
 .debug_info    0x0000000000002d43       0x26 /usr/local/Cellar/avr-gcc/8.3.0/lib/avr-gcc/8/gcc/avr/8.3.0/avr51/libgcc.a(_udivmodhi4.o)
 .debug_info    0x0000000000002d69       0x26 /usr/local/Cellar/avr-gcc/8.3.0/lib/avr-gcc/8/gcc/avr/8.3.0/avr51/libgcc.a(_umulhisi3.o)

.debug_abbrev   0x0000000000000000     0x18fd
 *(.debug_abbrev)
 .debug_abbrev  0x0000000000000000      0x9a0 /usr/local/Cellar/avr-gcc/8.3.0/lib/avr-gcc/8/gcc/avr/8.3.0/../../../../../../avr/lib/avr51/crtat90can128.o
 .debug_abbrev  0x00000000000009a0      0x2e9 build/./src/system.o
 .debug_abbrev  0x0000000000000c89      0x1ac build/./src/main.o
 .debug_abbrev  0x0000000000000e35      0x1fc build/./src/stepper.o
 .debug_abbrev  0x0000000000001031      0x197 build/./src/Uart.o
 .debug_abbrev  0x00000000000011c8      0x1cf build/./src/can.o
 .debug_abbrev  0x0000000000001397      0x2c3 build/./src/gpio.o
 .debug_abbrev  0x000000000000165a      0x1db build/./src/hbridge.o
 .debug_abbrev  0x0000000000001835       0x14 /usr/local/Cellar/avr-gcc/8.3.0/lib/avr-gcc/8/gcc/avr/8.3.0/avr51/libgcc.a(_divmodhi4.o)
 .debug_abbrev  0x0000000000001849       0x14 /usr/local/Cellar/avr-gcc/8.3.0/lib/avr-gcc/8/gcc/avr/8.3.0/avr51/libgcc.a(_udivmodsi4.o)
 .debug_abbrev  0x000000000000185d       0x14 /usr/local/Cellar/avr-gcc/8.3.0/lib/avr-gcc/8/gcc/avr/8.3.0/avr51/libgcc.a(_divmodsi4.o)
 .debug_abbrev  0x0000000000001871       0x14 /usr/local/Cellar/avr-gcc/8.3.0/lib/avr-gcc/8/gcc/avr/8.3.0/avr51/libgcc.a(_negsi2.o)
 .debug_abbrev  0x0000000000001885       0x14 /usr/local/Cellar/avr-gcc/8.3.0/lib/avr-gcc/8/gcc/avr/8.3.0/avr51/libgcc.a(_exit.o)
 .debug_abbrev  0x0000000000001899       0x14 /usr/local/Cellar/avr-gcc/8.3.0/lib/avr-gcc/8/gcc/avr/8.3.0/avr51/libgcc.a(_copy_data.o)
 .debug_abbrev  0x00000000000018ad       0x14 /usr/local/Cellar/avr-gcc/8.3.0/lib/avr-gcc/8/gcc/avr/8.3.0/avr51/libgcc.a(_clear_bss.o)
 .debug_abbrev  0x00000000000018c1       0x14 /usr/local/Cellar/avr-gcc/8.3.0/lib/avr-gcc/8/gcc/avr/8.3.0/avr51/libgcc.a(_usmulhisi3.o)
 .debug_abbrev  0x00000000000018d5       0x14 /usr/local/Cellar/avr-gcc/8.3.0/lib/avr-gcc/8/gcc/avr/8.3.0/avr51/libgcc.a(_udivmodhi4.o)
 .debug_abbrev  0x00000000000018e9       0x14 /usr/local/Cellar/avr-gcc/8.3.0/lib/avr-gcc/8/gcc/avr/8.3.0/avr51/libgcc.a(_umulhisi3.o)

.debug_line     0x0000000000000000     0x2ab5
 *(.debug_line .debug_line.* .debug_line_end)
 .debug_line    0x0000000000000000       0x1d /usr/local/Cellar/avr-gcc/8.3.0/lib/avr-gcc/8/gcc/avr/8.3.0/../../../../../../avr/lib/avr51/crtat90can128.o
 .debug_line    0x000000000000001d      0x3af build/./src/system.o
 .debug_line    0x00000000000003cc      0x4ad build/./src/main.o
 .debug_line    0x0000000000000879      0x280 build/./src/stepper.o
 .debug_line    0x0000000000000af9      0x2e2 build/./src/Uart.o
 .debug_line    0x0000000000000ddb      0x902 build/./src/can.o
 .debug_line    0x00000000000016dd      0x665 build/./src/gpio.o
 .debug_line    0x0000000000001d42      0x6df build/./src/hbridge.o
 .debug_line    0x0000000000002421       0xc7 /usr/local/Cellar/avr-gcc/8.3.0/lib/avr-gcc/8/gcc/avr/8.3.0/avr51/libgcc.a(_divmodhi4.o)
 .debug_line    0x00000000000024e8      0x121 /usr/local/Cellar/avr-gcc/8.3.0/lib/avr-gcc/8/gcc/avr/8.3.0/avr51/libgcc.a(_udivmodsi4.o)
 .debug_line    0x0000000000002609       0xcd /usr/local/Cellar/avr-gcc/8.3.0/lib/avr-gcc/8/gcc/avr/8.3.0/avr51/libgcc.a(_divmodsi4.o)
 .debug_line    0x00000000000026d6       0x61 /usr/local/Cellar/avr-gcc/8.3.0/lib/avr-gcc/8/gcc/avr/8.3.0/avr51/libgcc.a(_negsi2.o)
 .debug_line    0x0000000000002737       0x61 /usr/local/Cellar/avr-gcc/8.3.0/lib/avr-gcc/8/gcc/avr/8.3.0/avr51/libgcc.a(_exit.o)
 .debug_line    0x0000000000002798       0xa3 /usr/local/Cellar/avr-gcc/8.3.0/lib/avr-gcc/8/gcc/avr/8.3.0/avr51/libgcc.a(_copy_data.o)
 .debug_line    0x000000000000283b       0x85 /usr/local/Cellar/avr-gcc/8.3.0/lib/avr-gcc/8/gcc/avr/8.3.0/avr51/libgcc.a(_clear_bss.o)
 .debug_line    0x00000000000028c0       0x79 /usr/local/Cellar/avr-gcc/8.3.0/lib/avr-gcc/8/gcc/avr/8.3.0/avr51/libgcc.a(_usmulhisi3.o)
 .debug_line    0x0000000000002939       0xcd /usr/local/Cellar/avr-gcc/8.3.0/lib/avr-gcc/8/gcc/avr/8.3.0/avr51/libgcc.a(_udivmodhi4.o)
 .debug_line    0x0000000000002a06       0xaf /usr/local/Cellar/avr-gcc/8.3.0/lib/avr-gcc/8/gcc/avr/8.3.0/avr51/libgcc.a(_umulhisi3.o)

.debug_frame    0x0000000000000000      0x430
 *(.debug_frame)
 .debug_frame   0x0000000000000000       0xc4 build/./src/system.o
 .debug_frame   0x00000000000000c4       0x5c build/./src/main.o
 .debug_frame   0x0000000000000120       0x98 build/./src/stepper.o
 .debug_frame   0x00000000000001b8       0x80 build/./src/Uart.o
 .debug_frame   0x0000000000000238       0xd8 build/./src/can.o
 .debug_frame   0x0000000000000310       0x78 build/./src/gpio.o
 .debug_frame   0x0000000000000388       0xa8 build/./src/hbridge.o

.debug_str      0x0000000000000000      0x9b1
 *(.debug_str)
 .debug_str     0x0000000000000000      0x39f /usr/local/Cellar/avr-gcc/8.3.0/lib/avr-gcc/8/gcc/avr/8.3.0/../../../../../../avr/lib/avr51/crtat90can128.o
 .debug_str     0x000000000000039f      0x2be build/./src/system.o
                                        0x30e (size before relaxing)
 .debug_str     0x000000000000065d       0xf8 build/./src/main.o
                                        0x2e5 (size before relaxing)
 .debug_str     0x0000000000000755       0x29 build/./src/stepper.o
                                        0x232 (size before relaxing)
 .debug_str     0x000000000000077e       0x53 build/./src/Uart.o
                                        0x1df (size before relaxing)
 .debug_str     0x00000000000007d1       0x54 build/./src/can.o
                                        0x1d9 (size before relaxing)
 .debug_str     0x0000000000000825       0xbb build/./src/gpio.o
                                        0x2b0 (size before relaxing)
 .debug_str     0x00000000000008e0       0x4e build/./src/hbridge.o
                                        0x27b (size before relaxing)
 .debug_str     0x000000000000092e       0x83 /usr/local/Cellar/avr-gcc/8.3.0/lib/avr-gcc/8/gcc/avr/8.3.0/avr51/libgcc.a(_divmodhi4.o)
 .debug_str     0x00000000000009b1       0x83 /usr/local/Cellar/avr-gcc/8.3.0/lib/avr-gcc/8/gcc/avr/8.3.0/avr51/libgcc.a(_udivmodsi4.o)
 .debug_str     0x00000000000009b1       0x83 /usr/local/Cellar/avr-gcc/8.3.0/lib/avr-gcc/8/gcc/avr/8.3.0/avr51/libgcc.a(_divmodsi4.o)
 .debug_str     0x00000000000009b1       0x83 /usr/local/Cellar/avr-gcc/8.3.0/lib/avr-gcc/8/gcc/avr/8.3.0/avr51/libgcc.a(_negsi2.o)
 .debug_str     0x00000000000009b1       0x83 /usr/local/Cellar/avr-gcc/8.3.0/lib/avr-gcc/8/gcc/avr/8.3.0/avr51/libgcc.a(_exit.o)
 .debug_str     0x00000000000009b1       0x83 /usr/local/Cellar/avr-gcc/8.3.0/lib/avr-gcc/8/gcc/avr/8.3.0/avr51/libgcc.a(_copy_data.o)
 .debug_str     0x00000000000009b1       0x83 /usr/local/Cellar/avr-gcc/8.3.0/lib/avr-gcc/8/gcc/avr/8.3.0/avr51/libgcc.a(_clear_bss.o)
 .debug_str     0x00000000000009b1       0x83 /usr/local/Cellar/avr-gcc/8.3.0/lib/avr-gcc/8/gcc/avr/8.3.0/avr51/libgcc.a(_usmulhisi3.o)
 .debug_str     0x00000000000009b1       0x83 /usr/local/Cellar/avr-gcc/8.3.0/lib/avr-gcc/8/gcc/avr/8.3.0/avr51/libgcc.a(_udivmodhi4.o)
 .debug_str     0x00000000000009b1       0x83 /usr/local/Cellar/avr-gcc/8.3.0/lib/avr-gcc/8/gcc/avr/8.3.0/avr51/libgcc.a(_umulhisi3.o)

.debug_loc      0x0000000000000000     0x1739
 *(.debug_loc)
 .debug_loc     0x0000000000000000      0x204 build/./src/system.o
 .debug_loc     0x0000000000000204      0x2d1 build/./src/main.o
 .debug_loc     0x00000000000004d5      0x213 build/./src/stepper.o
 .debug_loc     0x00000000000006e8       0xfe build/./src/Uart.o
 .debug_loc     0x00000000000007e6      0x356 build/./src/can.o
 .debug_loc     0x0000000000000b3c      0x5b8 build/./src/gpio.o
 .debug_loc     0x00000000000010f4      0x645 build/./src/hbridge.o

.debug_macinfo
 *(.debug_macinfo)

.debug_weaknames
 *(.debug_weaknames)

.debug_funcnames
 *(.debug_funcnames)

.debug_typenames
 *(.debug_typenames)

.debug_varnames
 *(.debug_varnames)

.debug_pubtypes
 *(.debug_pubtypes)

.debug_ranges   0x0000000000000000       0xf0
 *(.debug_ranges)
 .debug_ranges  0x0000000000000000       0x48 build/./src/main.o
 .debug_ranges  0x0000000000000048       0x18 build/./src/stepper.o
 .debug_ranges  0x0000000000000060       0x30 build/./src/can.o
 .debug_ranges  0x0000000000000090       0x60 build/./src/gpio.o

.debug_macro
 *(.debug_macro)

.debug_addr
 *(.debug_addr)
OUTPUT(sensa_motor_board.elf elf32-avr)
LOAD linker stubs

Cross Reference Table

Symbol                                            File
CAN_Init                                          build/./src/can.o
                                                  build/./src/system.o
CAN_InitRxMob                                     build/./src/can.o
                                                  build/./src/system.o
CAN_checkRX                                       build/./src/can.o
                                                  build/./src/main.o
CAN_read                                          build/./src/can.o
                                                  build/./src/main.o
CAN_write                                         build/./src/can.o
                                                  build/./src/main.o
USART0_init                                       build/./src/Uart.o
                                                  build/./src/system.o
USART0_receive                                    build/./src/Uart.o
USART0_string                                     build/./src/Uart.o
USART0_transmit                                   build/./src/Uart.o
__bad_interrupt                                   /usr/local/Cellar/avr-gcc/8.3.0/lib/avr-gcc/8/gcc/avr/8.3.0/../../../../../../avr/lib/avr51/crtat90can128.o
__brkval                                          /usr/local/Cellar/avr-gcc/8.3.0/lib/avr-gcc/8/gcc/avr/8.3.0/../../../../../../avr/lib/avr51/libc.a(malloc.o)
__bss_end                                         /usr/local/Cellar/avr-gcc/8.3.0/lib/avr-gcc/8/gcc/avr/8.3.0/avr51/libgcc.a(_clear_bss.o)
__bss_start                                       /usr/local/Cellar/avr-gcc/8.3.0/lib/avr-gcc/8/gcc/avr/8.3.0/avr51/libgcc.a(_clear_bss.o)
__data_end                                        /usr/local/Cellar/avr-gcc/8.3.0/lib/avr-gcc/8/gcc/avr/8.3.0/avr51/libgcc.a(_copy_data.o)
__data_load_start                                 /usr/local/Cellar/avr-gcc/8.3.0/lib/avr-gcc/8/gcc/avr/8.3.0/avr51/libgcc.a(_copy_data.o)
__data_start                                      /usr/local/Cellar/avr-gcc/8.3.0/lib/avr-gcc/8/gcc/avr/8.3.0/avr51/libgcc.a(_copy_data.o)
__divmodhi4                                       /usr/local/Cellar/avr-gcc/8.3.0/lib/avr-gcc/8/gcc/avr/8.3.0/avr51/libgcc.a(_divmodhi4.o)
                                                  build/./src/hbridge.o
__divmodsi4                                       /usr/local/Cellar/avr-gcc/8.3.0/lib/avr-gcc/8/gcc/avr/8.3.0/avr51/libgcc.a(_divmodsi4.o)
                                                  build/./src/hbridge.o
                                                  build/./src/stepper.o
__do_clear_bss                                    /usr/local/Cellar/avr-gcc/8.3.0/lib/avr-gcc/8/gcc/avr/8.3.0/avr51/libgcc.a(_clear_bss.o)
                                                  /usr/local/Cellar/avr-gcc/8.3.0/lib/avr-gcc/8/gcc/avr/8.3.0/../../../../../../avr/lib/avr51/libc.a(malloc.o)
                                                  build/./src/hbridge.o
                                                  build/./src/gpio.o
                                                  build/./src/can.o
                                                  build/./src/main.o
                                                  build/./src/system.o
__do_copy_data                                    /usr/local/Cellar/avr-gcc/8.3.0/lib/avr-gcc/8/gcc/avr/8.3.0/avr51/libgcc.a(_copy_data.o)
                                                  /usr/local/Cellar/avr-gcc/8.3.0/lib/avr-gcc/8/gcc/avr/8.3.0/../../../../../../avr/lib/avr51/libc.a(malloc.o)
                                                  build/./src/hbridge.o
                                                  build/./src/gpio.o
                                                  build/./src/stepper.o
                                                  build/./src/main.o
                                                  build/./src/system.o
__flp                                             /usr/local/Cellar/avr-gcc/8.3.0/lib/avr-gcc/8/gcc/avr/8.3.0/../../../../../../avr/lib/avr51/libc.a(malloc.o)
__heap_end                                        /usr/local/Cellar/avr-gcc/8.3.0/lib/avr-gcc/8/gcc/avr/8.3.0/../../../../../../avr/lib/avr51/crtat90can128.o
                                                  /usr/local/Cellar/avr-gcc/8.3.0/lib/avr-gcc/8/gcc/avr/8.3.0/../../../../../../avr/lib/avr51/libc.a(malloc.o)
__heap_start                                      /usr/local/Cellar/avr-gcc/8.3.0/lib/avr-gcc/8/gcc/avr/8.3.0/../../../../../../avr/lib/avr51/libc.a(malloc.o)
__init                                            /usr/local/Cellar/avr-gcc/8.3.0/lib/avr-gcc/8/gcc/avr/8.3.0/../../../../../../avr/lib/avr51/crtat90can128.o
__malloc_heap_end                                 /usr/local/Cellar/avr-gcc/8.3.0/lib/avr-gcc/8/gcc/avr/8.3.0/../../../../../../avr/lib/avr51/libc.a(malloc.o)
__malloc_heap_start                               /usr/local/Cellar/avr-gcc/8.3.0/lib/avr-gcc/8/gcc/avr/8.3.0/../../../../../../avr/lib/avr51/libc.a(malloc.o)
__malloc_margin                                   /usr/local/Cellar/avr-gcc/8.3.0/lib/avr-gcc/8/gcc/avr/8.3.0/../../../../../../avr/lib/avr51/libc.a(malloc.o)
__negsi2                                          /usr/local/Cellar/avr-gcc/8.3.0/lib/avr-gcc/8/gcc/avr/8.3.0/avr51/libgcc.a(_negsi2.o)
                                                  /usr/local/Cellar/avr-gcc/8.3.0/lib/avr-gcc/8/gcc/avr/8.3.0/avr51/libgcc.a(_divmodsi4.o)
__stack                                           /usr/local/Cellar/avr-gcc/8.3.0/lib/avr-gcc/8/gcc/avr/8.3.0/../../../../../../avr/lib/avr51/crtat90can128.o
__udivmodhi4                                      /usr/local/Cellar/avr-gcc/8.3.0/lib/avr-gcc/8/gcc/avr/8.3.0/avr51/libgcc.a(_udivmodhi4.o)
                                                  /usr/local/Cellar/avr-gcc/8.3.0/lib/avr-gcc/8/gcc/avr/8.3.0/avr51/libgcc.a(_divmodhi4.o)
__udivmodsi4                                      /usr/local/Cellar/avr-gcc/8.3.0/lib/avr-gcc/8/gcc/avr/8.3.0/avr51/libgcc.a(_udivmodsi4.o)
                                                  /usr/local/Cellar/avr-gcc/8.3.0/lib/avr-gcc/8/gcc/avr/8.3.0/avr51/libgcc.a(_divmodsi4.o)
                                                  build/./src/Uart.o
__umulhisi3                                       /usr/local/Cellar/avr-gcc/8.3.0/lib/avr-gcc/8/gcc/avr/8.3.0/avr51/libgcc.a(_umulhisi3.o)
                                                  /usr/local/Cellar/avr-gcc/8.3.0/lib/avr-gcc/8/gcc/avr/8.3.0/avr51/libgcc.a(_usmulhisi3.o)
__usmulhisi3                                      /usr/local/Cellar/avr-gcc/8.3.0/lib/avr-gcc/8/gcc/avr/8.3.0/avr51/libgcc.a(_usmulhisi3.o)
                                                  build/./src/hbridge.o
__usmulhisi3_tail                                 /usr/local/Cellar/avr-gcc/8.3.0/lib/avr-gcc/8/gcc/avr/8.3.0/avr51/libgcc.a(_usmulhisi3.o)
__vector_1                                        /usr/local/Cellar/avr-gcc/8.3.0/lib/avr-gcc/8/gcc/avr/8.3.0/../../../../../../avr/lib/avr51/crtat90can128.o
__vector_10                                       /usr/local/Cellar/avr-gcc/8.3.0/lib/avr-gcc/8/gcc/avr/8.3.0/../../../../../../avr/lib/avr51/crtat90can128.o
__vector_11                                       /usr/local/Cellar/avr-gcc/8.3.0/lib/avr-gcc/8/gcc/avr/8.3.0/../../../../../../avr/lib/avr51/crtat90can128.o
__vector_12                                       build/./src/system.o
                                                  /usr/local/Cellar/avr-gcc/8.3.0/lib/avr-gcc/8/gcc/avr/8.3.0/../../../../../../avr/lib/avr51/crtat90can128.o
__vector_13                                       /usr/local/Cellar/avr-gcc/8.3.0/lib/avr-gcc/8/gcc/avr/8.3.0/../../../../../../avr/lib/avr51/crtat90can128.o
__vector_14                                       /usr/local/Cellar/avr-gcc/8.3.0/lib/avr-gcc/8/gcc/avr/8.3.0/../../../../../../avr/lib/avr51/crtat90can128.o
__vector_15                                       /usr/local/Cellar/avr-gcc/8.3.0/lib/avr-gcc/8/gcc/avr/8.3.0/../../../../../../avr/lib/avr51/crtat90can128.o
__vector_16                                       /usr/local/Cellar/avr-gcc/8.3.0/lib/avr-gcc/8/gcc/avr/8.3.0/../../../../../../avr/lib/avr51/crtat90can128.o
__vector_17                                       /usr/local/Cellar/avr-gcc/8.3.0/lib/avr-gcc/8/gcc/avr/8.3.0/../../../../../../avr/lib/avr51/crtat90can128.o
__vector_18                                       build/./src/can.o
                                                  /usr/local/Cellar/avr-gcc/8.3.0/lib/avr-gcc/8/gcc/avr/8.3.0/../../../../../../avr/lib/avr51/crtat90can128.o
__vector_19                                       /usr/local/Cellar/avr-gcc/8.3.0/lib/avr-gcc/8/gcc/avr/8.3.0/../../../../../../avr/lib/avr51/crtat90can128.o
__vector_2                                        /usr/local/Cellar/avr-gcc/8.3.0/lib/avr-gcc/8/gcc/avr/8.3.0/../../../../../../avr/lib/avr51/crtat90can128.o
__vector_20                                       /usr/local/Cellar/avr-gcc/8.3.0/lib/avr-gcc/8/gcc/avr/8.3.0/../../../../../../avr/lib/avr51/crtat90can128.o
__vector_21                                       /usr/local/Cellar/avr-gcc/8.3.0/lib/avr-gcc/8/gcc/avr/8.3.0/../../../../../../avr/lib/avr51/crtat90can128.o
__vector_22                                       /usr/local/Cellar/avr-gcc/8.3.0/lib/avr-gcc/8/gcc/avr/8.3.0/../../../../../../avr/lib/avr51/crtat90can128.o
__vector_23                                       /usr/local/Cellar/avr-gcc/8.3.0/lib/avr-gcc/8/gcc/avr/8.3.0/../../../../../../avr/lib/avr51/crtat90can128.o
__vector_24                                       /usr/local/Cellar/avr-gcc/8.3.0/lib/avr-gcc/8/gcc/avr/8.3.0/../../../../../../avr/lib/avr51/crtat90can128.o
__vector_25                                       /usr/local/Cellar/avr-gcc/8.3.0/lib/avr-gcc/8/gcc/avr/8.3.0/../../../../../../avr/lib/avr51/crtat90can128.o
__vector_26                                       /usr/local/Cellar/avr-gcc/8.3.0/lib/avr-gcc/8/gcc/avr/8.3.0/../../../../../../avr/lib/avr51/crtat90can128.o
__vector_27                                       /usr/local/Cellar/avr-gcc/8.3.0/lib/avr-gcc/8/gcc/avr/8.3.0/../../../../../../avr/lib/avr51/crtat90can128.o
__vector_28                                       /usr/local/Cellar/avr-gcc/8.3.0/lib/avr-gcc/8/gcc/avr/8.3.0/../../../../../../avr/lib/avr51/crtat90can128.o
__vector_29                                       /usr/local/Cellar/avr-gcc/8.3.0/lib/avr-gcc/8/gcc/avr/8.3.0/../../../../../../avr/lib/avr51/crtat90can128.o
__vector_3                                        /usr/local/Cellar/avr-gcc/8.3.0/lib/avr-gcc/8/gcc/avr/8.3.0/../../../../../../avr/lib/avr51/crtat90can128.o
__vector_30                                       /usr/local/Cellar/avr-gcc/8.3.0/lib/avr-gcc/8/gcc/avr/8.3.0/../../../../../../avr/lib/avr51/crtat90can128.o
__vector_31                                       /usr/local/Cellar/avr-gcc/8.3.0/lib/avr-gcc/8/gcc/avr/8.3.0/../../../../../../avr/lib/avr51/crtat90can128.o
__vector_32                                       /usr/local/Cellar/avr-gcc/8.3.0/lib/avr-gcc/8/gcc/avr/8.3.0/../../../../../../avr/lib/avr51/crtat90can128.o
__vector_33                                       /usr/local/Cellar/avr-gcc/8.3.0/lib/avr-gcc/8/gcc/avr/8.3.0/../../../../../../avr/lib/avr51/crtat90can128.o
__vector_34                                       /usr/local/Cellar/avr-gcc/8.3.0/lib/avr-gcc/8/gcc/avr/8.3.0/../../../../../../avr/lib/avr51/crtat90can128.o
__vector_35                                       /usr/local/Cellar/avr-gcc/8.3.0/lib/avr-gcc/8/gcc/avr/8.3.0/../../../../../../avr/lib/avr51/crtat90can128.o
__vector_36                                       /usr/local/Cellar/avr-gcc/8.3.0/lib/avr-gcc/8/gcc/avr/8.3.0/../../../../../../avr/lib/avr51/crtat90can128.o
__vector_4                                        /usr/local/Cellar/avr-gcc/8.3.0/lib/avr-gcc/8/gcc/avr/8.3.0/../../../../../../avr/lib/avr51/crtat90can128.o
__vector_5                                        /usr/local/Cellar/avr-gcc/8.3.0/lib/avr-gcc/8/gcc/avr/8.3.0/../../../../../../avr/lib/avr51/crtat90can128.o
__vector_6                                        /usr/local/Cellar/avr-gcc/8.3.0/lib/avr-gcc/8/gcc/avr/8.3.0/../../../../../../avr/lib/avr51/crtat90can128.o
__vector_7                                        /usr/local/Cellar/avr-gcc/8.3.0/lib/avr-gcc/8/gcc/avr/8.3.0/../../../../../../avr/lib/avr51/crtat90can128.o
__vector_8                                        /usr/local/Cellar/avr-gcc/8.3.0/lib/avr-gcc/8/gcc/avr/8.3.0/../../../../../../avr/lib/avr51/crtat90can128.o
__vector_9                                        /usr/local/Cellar/avr-gcc/8.3.0/lib/avr-gcc/8/gcc/avr/8.3.0/../../../../../../avr/lib/avr51/crtat90can128.o
__vector_default                                  /usr/local/Cellar/avr-gcc/8.3.0/lib/avr-gcc/8/gcc/avr/8.3.0/../../../../../../avr/lib/avr51/crtat90can128.o
__vectors                                         /usr/local/Cellar/avr-gcc/8.3.0/lib/avr-gcc/8/gcc/avr/8.3.0/../../../../../../avr/lib/avr51/crtat90can128.o
_div                                              /usr/local/Cellar/avr-gcc/8.3.0/lib/avr-gcc/8/gcc/avr/8.3.0/avr51/libgcc.a(_divmodhi4.o)
_exit                                             /usr/local/Cellar/avr-gcc/8.3.0/lib/avr-gcc/8/gcc/avr/8.3.0/avr51/libgcc.a(_exit.o)
current_A_1                                       build/./src/hbridge.o
current_A_2                                       build/./src/hbridge.o
current_B_1                                       build/./src/hbridge.o
current_B_2                                       build/./src/hbridge.o
debug_printf                                      build/./src/Uart.o
                                                  build/./src/hbridge.o
                                                  build/./src/system.o
debug_printf_num                                  build/./src/Uart.o
                                                  build/./src/hbridge.o
delay                                             build/./src/system.o
                                                  build/./src/hbridge.o
                                                  build/./src/stepper.o
                                                  build/./src/main.o
dummy_data                                        build/./src/main.o
enable_stepper                                    build/./src/stepper.o
                                                  build/./src/main.o
exit                                              /usr/local/Cellar/avr-gcc/8.3.0/lib/avr-gcc/8/gcc/avr/8.3.0/avr51/libgcc.a(_exit.o)
                                                  /usr/local/Cellar/avr-gcc/8.3.0/lib/avr-gcc/8/gcc/avr/8.3.0/../../../../../../avr/lib/avr51/crtat90can128.o
first_byte                                        build/./src/main.o
free                                              /usr/local/Cellar/avr-gcc/8.3.0/lib/avr-gcc/8/gcc/avr/8.3.0/../../../../../../avr/lib/avr51/libc.a(malloc.o)
gpio_debouncer                                    build/./src/gpio.o
                                                  build/./src/system.o
gpio_inputs                                       build/./src/gpio.o
gpio_read_pin                                     build/./src/gpio.o
                                                  build/./src/system.o
gpio_register_pin                                 build/./src/gpio.o
                                                  build/./src/hbridge.o
                                                  build/./src/stepper.o
                                                  build/./src/system.o
gpio_write_pin                                    build/./src/gpio.o
                                                  build/./src/hbridge.o
                                                  build/./src/stepper.o
                                                  build/./src/main.o
                                                  build/./src/system.o
hbridge_break                                     build/./src/hbridge.o
                                                  build/./src/main.o
hbridge_move                                      build/./src/hbridge.o
                                                  build/./src/main.o
hbridge_time                                      build/./src/hbridge.o
                                                  build/./src/main.o
init_hbridge                                      build/./src/hbridge.o
                                                  build/./src/system.o
init_stepper                                      build/./src/stepper.o
                                                  build/./src/system.o
main                                              build/./src/main.o
                                                  /usr/local/Cellar/avr-gcc/8.3.0/lib/avr-gcc/8/gcc/avr/8.3.0/../../../../../../avr/lib/avr51/crtat90can128.o
malloc                                            /usr/local/Cellar/avr-gcc/8.3.0/lib/avr-gcc/8/gcc/avr/8.3.0/../../../../../../avr/lib/avr51/libc.a(malloc.o)
                                                  build/./src/gpio.o
message                                           build/./src/main.o
move_stepper                                      build/./src/stepper.o
                                                  build/./src/main.o
read_switch                                       build/./src/system.o
                                                  build/./src/main.o
second_byte                                       build/./src/main.o
set_rpm_stepper                                   build/./src/stepper.o
                                                  build/./src/main.o
snd_message                                       build/./src/main.o
switches_pin                                      build/./src/system.o
system_init                                       build/./src/system.o
                                                  build/./src/main.o
timer_register_callback                           build/./src/system.o
